[[1]]
NULL

[[2]]
NULL

[[3]]
NULL

[[4]]
NULL

[[5]]
NULL

[[6]]
NULL

[[7]]
NULL

[1] "../data/TF_binding_site_enrichment/gw"
                                     A         B         C        D         E
ATF3                          9.085525  7.749166  6.969933 3.675483  9.150173
(stably expressing ATF3)ATF3  5.960801  4.887212  4.303513 2.696152  8.850513
(CRISPR targeting ATF3)ATF3  15.993114 13.436230 10.637814 5.383424 12.007562
                                    F        G        H        I        J
ATF3                         6.023449 2.138556 7.375015 13.58475 1.401484
(stably expressing ATF3)ATF3 4.856540 1.623147 7.117694 12.50536 1.638781
(CRISPR targeting ATF3)ATF3  9.735642 2.494425 5.389327 11.32841 1.183658
                                     K         L         M         N         O
ATF3                         0.4773146 0.7945073 0.8654314 0.4455370 0.8375194
(stably expressing ATF3)ATF3 0.4806926 0.7119206 0.5409554 0.2407633 0.6858973
(CRISPR targeting ATF3)ATF3  0.2023982 0.6637402 0.8477230 0.3546866 0.5523208
[1] 3
[1] 1 1 1
                                     A        B        C        D        E
CREB1                         22.94401 14.90966 13.68700 5.586362 9.375377
(CRISPR targeting CREB1)CREB1 24.36569 15.45089 13.96248 6.408966 9.632595
                                     F        G        H        I        J
CREB1                         12.39636 1.384682 3.661916 7.640916 1.399756
(CRISPR targeting CREB1)CREB1 12.44493 1.471375 2.453176 7.078138 1.175520
                                      K         L         M         N         O
CREB1                         0.2242291 0.4680021 0.3508129 0.1811051 0.2999120
(CRISPR targeting CREB1)CREB1 0.2062816 0.4838346 0.4949011 0.2846212 0.4439884
[1] 2
[1] 2 2
                                   A        B        C        D        E
E2F1                        19.11794 14.15608 12.78111 6.523229 12.47650
(CRISPR targeting E2F1)E2F1 20.31543 15.25162 12.96946 6.280043 10.24581
                                   F        G        H        I         J
E2F1                        13.41525 1.261494 3.357110 9.961692 1.4975899
(CRISPR targeting E2F1)E2F1 11.50988 1.768889 1.924802 5.397548 0.9295876
                                    K         L         M         N         O
E2F1                        0.2561859 0.5003249 0.3279902 0.1455940 0.3470279
(CRISPR targeting E2F1)E2F1 0.1272138 0.4157262 0.5909246 0.2758776 0.2618134
[1] 2
[1] 3 3
                                    A        B        C        D         E
ELF1                         20.79096 13.62686 13.73407 7.004379  9.649325
(stably expressing ELF1)ELF1 16.57248 12.09807 13.67545 7.170777 10.476648
(CRISPR targeting ELF1)ELF1  19.65614 15.44480 13.64591 6.327598  9.221468
                                    F        G        H        I        J
ELF1                         13.70517 1.106109 2.969954 7.637565 1.485238
(stably expressing ELF1)ELF1 14.30375 1.004369 3.130847 8.423676 1.483122
(CRISPR targeting ELF1)ELF1  13.15539 1.519276 1.371606 5.642377 1.142241
                                     K         L         M         N         O
ELF1                         0.2418722 0.4281889 0.3177812 0.1531443 0.3075467
(stably expressing ELF1)ELF1 0.2761933 0.3293304 0.2226888 0.1263409 0.2283026
(CRISPR targeting ELF1)ELF1  0.1597876 0.3529920 0.3324131 0.2376211 0.2660666
[1] 3
[1] 4 4 4
                                   A        B        C        D         E
ELF4                        15.33998 12.50201 12.53736 6.597944 11.782012
(CRISPR targeting ELF4)ELF4 17.07663 12.96290 12.66643 6.169824  9.856312
                                   F        G       H         I        J
ELF4                        13.12456 1.534012 3.63964 10.390138 1.753662
(CRISPR targeting ELF4)ELF4 11.56757 1.526739 4.66552  9.312333 1.388851
                                    K         L          M         N         O
ELF4                        0.2549002 0.2629049 0.08335579 0.0292344 0.1392232
(CRISPR targeting ELF4)ELF4 0.2445017 0.4541378 0.43820508 0.2952697 0.4700378
[1] 2
[1] 5 5
                                     A        B        C        D         E
FOXM1                         14.17145 11.13348 10.39638 5.930298 12.336754
(CRISPR targeting FOXM1)FOXM1 16.85736 13.76202 14.59042 7.060484  9.711504
                                     F        G        H         I         J
FOXM1                         11.50612 1.677925 9.976370 14.609185 2.1596204
(CRISPR targeting FOXM1)FOXM1 11.60307 1.437174 1.175061  5.198684 0.6560686
                                       K         L         M         N
FOXM1                         0.56789492 0.4638894 0.3492465 0.1574472
(CRISPR targeting FOXM1)FOXM1 0.04867202 0.2433276 0.2420996 0.2173938
                                      O
FOXM1                         0.4958838
(CRISPR targeting FOXM1)FOXM1 0.2585066
[1] 2
[1] 6 6
                                       A        B        C        D        E
GABPB1                          20.67770 14.82274 15.45963 8.284023 11.19340
(CRISPR targeting GABPB1)GABPB1 24.58377 15.98600 16.47120 8.108523 10.66736
                                       F        G        H        I        J
GABPB1                          17.15437 1.181673 3.316825 8.851409 1.631514
(CRISPR targeting GABPB1)GABPB1 15.07540 1.832616 3.324096 8.602961 1.241449
                                        K         L         M         N
GABPB1                          0.3240032 0.4241021 0.2654345 0.1411228
(CRISPR targeting GABPB1)GABPB1 0.2053603 0.3610564 0.3705507 0.2398985
                                        O
GABPB1                          0.2597755
(CRISPR targeting GABPB1)GABPB1 0.3896902
[1] 2
[1] 7 7
                                     A        B        C        D        E
GMEB1                         24.01345 12.93833 15.97506 8.075626 10.55128
(CRISPR targeting GMEB1)GMEB1 26.09547 13.79961 14.81640 5.933667  9.23880
                                     F         G        H         I        J
GMEB1                         14.45718 1.4406325 5.751650 12.483009 1.380438
(CRISPR targeting GMEB1)GMEB1 12.00123 0.7574594 2.099802  5.850352 1.381833
                                      K         L         M          N
GMEB1                         0.2538663 0.4082209 0.2721339 0.15770116
(CRISPR targeting GMEB1)GMEB1 0.1613149 0.3527870 0.2402823 0.09970703
                                      O
GMEB1                         0.3057617
(CRISPR targeting GMEB1)GMEB1 0.2136744
[1] 2
[1] 8 8
                                 A        B        C        D         E
MAX                       33.06089 15.33131 18.61618 9.673350 11.974803
(CRISPR targeting MAX)MAX 22.16243 13.52241 14.06516 7.888374  9.369036
                                 F        G        H        I        J
MAX                       18.48014 1.778097 5.667353 11.91231 1.268557
(CRISPR targeting MAX)MAX 13.56476 2.240519 5.021591 10.92452 1.069210
                                  K         L         M         N         O
MAX                       0.3465217 0.7525528 0.6732816 0.5072904 0.7675454
(CRISPR targeting MAX)MAX 0.2252383 0.6519759 0.7299074 0.5742263 0.7951777
[1] 2
[1] 9 9
                                 A        B        C        D         E       F
MAZ                       27.07049 14.35928 13.92545 6.566484  8.602322 13.3474
(CRISPR targeting MAZ)MAZ 37.96741 16.98431 20.09625 9.952550 11.220335 19.7046
                                 G        H         I        J         K
MAZ                       1.928727 4.945098  9.527073 1.416717 0.2111120
(CRISPR targeting MAZ)MAZ 1.947397 5.641879 13.312157 1.409864 0.2791083
                                  L         M         N         O
MAZ                       0.8708859 0.7336538 0.4603783 0.8146631
(CRISPR targeting MAZ)MAZ 0.7075041 0.6773696 0.3834949 0.6754832
[1] 2
[1] 10 10
                                   A        B        C        D        E
NFYA                        22.90294 19.30875 10.73703 3.627011 6.201118
(CRISPR targeting NFYA)NFYA 20.80121 15.11076 11.84768 5.277830 8.219516
                                    F        G        H        I        J
NFYA                         9.418074 1.009934 0.913624 4.267827 2.787696
(CRISPR targeting NFYA)NFYA 10.864543 1.275853 1.508555 5.053290 1.589616
                                    K         L         M         N         O
NFYA                        0.6795517 0.7031720 0.3750229 0.1618050 0.1663214
(CRISPR targeting NFYA)NFYA 0.6465650 0.6166806 0.3386365 0.1906869 0.3022560
[1] 2
[1] 11 11
                                      A        B        C        D         E
NR2C2                          11.44196 11.40922 13.07912 4.929501  7.881359
(stably expressing NR2C2)NR2C2 19.20228 13.70130 16.66219 8.421411 12.701492
(CRISPR targeting NR2C2)NR2C2  16.18951 13.74676 13.35925 6.522836  8.850237
                                      F        G         H         I        J
NR2C2                          11.34578 1.523469 0.3642326  2.792077 1.932549
(stably expressing NR2C2)NR2C2 16.30221 1.217283 5.4154851 11.622387 1.273986
(CRISPR targeting NR2C2)NR2C2  10.88461 1.472175 2.3562198  5.396062 1.096063
                                       K         L         M         N
NR2C2                          0.6393751 0.4978593 0.6341631 0.4745959
(stably expressing NR2C2)NR2C2 0.2123636 0.3385916 0.2264347 0.1421366
(CRISPR targeting NR2C2)NR2C2  0.1616723 0.3726173 0.4185392 0.3006999
                                       O
NR2C2                          0.1828866
(stably expressing NR2C2)NR2C2 0.3159250
(CRISPR targeting NR2C2)NR2C2  0.3946485
[1] 3
[1] 12 12 12
                                     A        B        C        D        E
RAD21                         11.39190 6.815381 6.493683 3.805508 3.903966
(CRISPR targeting RAD21)RAD21 12.21757 7.712650 8.450479 4.582815 6.117318
                                     F        G        H         I        J
RAD21                         5.659385 2.955328 4.094962  6.760378 1.597449
(CRISPR targeting RAD21)RAD21 6.667315 2.565847 6.597005 10.467607 1.757549
                                      K        L       M        N        O
RAD21                         0.8577006 1.872168 2.15269 1.546596 2.270151
(CRISPR targeting RAD21)RAD21 0.7734761 1.384687 1.45420 1.030849 1.597527
[1] 2
[1] 13 13
                                   A        B        C        D        E
REST                        17.34364 10.47612 11.08009 5.421418 7.949380
(CRISPR targeting REST)REST 19.65623 13.03235 13.65749 6.524029 8.777589
                                    F        G        H        I         J
REST                         9.398796 2.119911 5.803847 9.799422 1.6693328
(CRISPR targeting REST)REST 11.022566 1.554492 2.663293 6.341460 0.8243251
                                    K         L         M         N         O
REST                        0.4710102 1.0461538 1.0555821 0.8307566 1.1894651
(CRISPR targeting REST)REST 0.1233651 0.4764686 0.5582965 0.4087890 0.5805587
[1] 2
[1] 14 14
                                 A        B        C        D         E
SP1                       31.73477 18.25273 14.76050 5.838116  9.185107
(CRISPR targeting SP1)SP1 29.00993 18.15873 16.18165 7.569019 11.635294
                                 F        G        H         I        J
SP1                       12.78235 1.399475 2.383058  7.446455 1.474989
(CRISPR targeting SP1)SP1 14.79368 2.181938 3.378288 10.054903 1.247804
                                  K         L         M         N         O
SP1                       0.2010157 0.6207601 0.3653166 0.1927226 0.2592271
(CRISPR targeting SP1)SP1 0.2364479 0.4505274 0.3330966 0.1546915 0.3390321
[1] 2
[1] 15 15
                                 A        B        C        D        E        F
SRF                       16.36206 14.65942 12.87956 4.929176 9.308205 8.417212
(CRISPR targeting SRF)SRF 20.59849 14.87383 10.51601 5.015802 8.837734 8.929625
                                 G        H        I        J         K
SRF                       1.130459 2.855147 6.531950 1.763972 0.3254543
(CRISPR targeting SRF)SRF 1.727541 4.121538 9.318052 1.188148 0.2122373
                                  L         M         N         O
SRF                       0.2787535 0.3551115 0.2213969 0.3026605
(CRISPR targeting SRF)SRF 0.5916524 0.4733065 0.2944732 0.4509955
[1] 2
[1] 16 16
                                   A        B         C        D        E
USF1                        15.00294 10.33926  8.942372 4.672631 8.587942
(CRISPR targeting USF1)USF1 14.87715 10.43095 10.073970 5.790964 8.244960
                                   F        G        H        I        J
USF1                        8.817654 1.803663 4.500827 8.748205 1.474949
(CRISPR targeting USF1)USF1 8.718718 2.393492 4.258569 8.269665 1.327820
                                    K         L         M         N        O
USF1                        0.5343752 0.6699183 0.6971847 0.5088713 0.693591
(CRISPR targeting USF1)USF1 0.4943740 0.9936552 1.2123593 1.0935156 1.206388
[1] 2
[1] 17 17
                                   A        B        C        D         E
USF2                        16.83851 11.98015 7.763592 4.409960  7.801342
(CRISPR targeting USF2)USF2 14.89661 10.47385 9.374404 4.949287 10.109214
                                    F        G        H         I        J
USF2                        10.872310 1.929049 3.401329  9.155673 1.449869
(CRISPR targeting USF2)USF2  9.858183 1.703986 5.945190 10.708421 1.848934
                                    K         L         M         N         O
USF2                        0.4271263 0.6144572 0.7829395 0.3169917 0.2819407
(CRISPR targeting USF2)USF2 0.4867360 0.8957936 1.0238810 0.7468239 1.0899799
[1] 2
[1] 18 18
                                       A        B        C        D        E
ZBTB11                          12.27438 10.34989 12.60526 6.239337  8.49867
(CRISPR targeting ZBTB11)ZBTB11 19.14038 12.80505 16.91113 8.217951 11.22487
                                       F         G        H        I        J
ZBTB11                          11.45272 0.9364341 1.610518 4.876008 1.573791
(CRISPR targeting ZBTB11)ZBTB11 15.08391 1.1218470 5.316945 9.465038 1.310197
                                        K         L         M          N
ZBTB11                          0.2418369 0.1987937 0.1264909 0.07886162
(CRISPR targeting ZBTB11)ZBTB11 0.2651864 0.3798767 0.2586258 0.23201393
                                        O
ZBTB11                          0.1493380
(CRISPR targeting ZBTB11)ZBTB11 0.3560767
[1] 2
[1] 19 19
                                        A        B        C        D        E
ZBTB33                           3.561091 3.370580 2.297918 1.810741 3.112531
(CRISPR targeting ZBTB33)ZBTB33 10.670082 8.107224 6.597226 4.024633 6.081390
                                       F        G        H        I        J
ZBTB33                          2.641366 3.667425 2.707914 4.911162 1.735770
(CRISPR targeting ZBTB33)ZBTB33 6.410119 3.800202 3.234713 6.942866 1.748884
                                        K         L         M         N
ZBTB33                          1.4391952 0.2194788 0.1976914 0.1849044
(CRISPR targeting ZBTB33)ZBTB33 0.9922562 0.4221341 0.3882373 0.2409720
                                        O
ZBTB33                          0.2452274
(CRISPR targeting ZBTB33)ZBTB33 0.4165331
[1] 2
[1] 20 20
                                       A        B         C        D        E
ZNF263                          12.46512 5.211297  9.589588 6.979939 5.337474
(CRISPR targeting ZNF263)ZNF263 14.43199 9.025696 12.134026 7.799334 7.692404
                                       F        G        H        I         J
ZNF263                          8.453532 2.224959 5.060159 6.891311 1.1395030
(CRISPR targeting ZNF263)ZNF263 9.267487 1.669907 3.477594 7.022175 0.9952469
                                        K         L         M         N
ZNF263                          0.3018150 1.3643779 1.7070009 1.4730306
(CRISPR targeting ZNF263)ZNF263 0.2143253 0.9441915 0.9592785 0.9760763
                                       O
ZNF263                          1.229110
(CRISPR targeting ZNF263)ZNF263 1.098964
[1] 2
[1] 21 21
                                       A        B        C        D        E
ZNF639                          20.57041 12.98787 13.75457 6.385589 11.06557
(CRISPR targeting ZNF639)ZNF639 20.66382 13.62748 16.19396 7.508817 12.59602
                                       F        G        H        I        J
ZNF639                          12.94385 1.003853 3.576885  8.73577 1.176269
(CRISPR targeting ZNF639)ZNF639 14.67579 1.181219 6.118004 11.93395 1.202986
                                        K         L         M          N
ZNF639                          0.2066480 0.3495915 0.3108475 0.08647585
(CRISPR targeting ZNF639)ZNF639 0.2715256 0.3707163 0.3530573 0.21508880
                                        O
ZNF639                          0.2470554
(CRISPR targeting ZNF639)ZNF639 0.3190774
[1] 2
[1] 22 22
                                    A        B         C        D         E
ATF1                         15.64361 10.70759  8.849806 3.965510  9.833509
(stably expressing ATF1)ATF1 29.32995 16.01859 16.249048 7.807522 11.638125
(CRISPR targeting ATF1)ATF1  19.87038 13.15268 11.711790 4.899729  8.237313
                                     F         G         H         I        J
ATF1                          9.006475 1.6608284 7.6616875 12.375476 2.167566
(stably expressing ATF1)ATF1 16.849757 1.5393099 5.6960152 13.198919 1.639471
(CRISPR targeting ATF1)ATF1   9.831986 0.9381304 0.6160904  3.180984 1.532225
                                     K         L         M         N         O
ATF1                         0.3631236 0.7171393 0.5584707 0.2693134 0.6003971
(stably expressing ATF1)ATF1 0.3471484 0.6351781 0.5301625 0.3126785 0.6025262
(CRISPR targeting ATF1)ATF1  0.3818382 0.5910214 0.7359117 0.4581699 0.2771741
[1] 3
[1] 23 23 23
                                       A        B        C        D        E
FOSL1                           9.409273 6.573877 6.427847 4.079929 10.24493
(stably expressing FOSL1)FOSL1 11.478269 8.911979 9.993013 5.442460 10.95406
                                      F        G         H        I        J
FOSL1                          5.324307 3.012189 14.898268 19.78872 1.879371
(stably expressing FOSL1)FOSL1 8.442294 1.833464  8.898541 14.42692 1.376719
                                       K         L         M         N
FOSL1                          0.4455041 1.1338017 1.2674638 0.6938188
(stably expressing FOSL1)FOSL1 0.3858036 0.7586459 0.6242382 0.4206689
                                       O
FOSL1                          1.3904679
(stably expressing FOSL1)FOSL1 0.8617682
[1] 2
[1] 24 24
                                      A        B        C        D         E
GABPA                          20.62705 13.61666 12.93279 5.802777  8.410985
(stably expressing GABPA)GABPA 20.23783 13.87608 16.27839 8.052226 10.786712
                                      F        G        H        I        J
GABPA                          10.90054 1.113115 3.483334 6.864524 1.655150
(stably expressing GABPA)GABPA 16.12507 1.050883 3.492472 9.161016 1.444678
                                       K         L         M         N
GABPA                          0.2796955 0.4855566 0.3545947 0.1896806
(stably expressing GABPA)GABPA 0.2311984 0.4002706 0.2810614 0.1613078
                                       O
GABPA                          0.3118160
(stably expressing GABPA)GABPA 0.3207975
[1] 2
[1] 25 25
                                      A        B        C        D         E
NR2C1                          10.91848 9.364006 10.84415 5.410083  9.492306
(stably expressing NR2C1)NR2C1 13.01853 9.821167 10.53213 5.286721 11.006814
                                      F        G        H         I        J
NR2C1                          9.666433 1.618610 5.067662  8.600062 1.838075
(stably expressing NR2C1)NR2C1 9.292967 1.561033 8.602409 13.992730 2.242362
                                       K         L         M          N
NR2C1                          0.3742882 0.2805351 0.2112051 0.09067443
(stably expressing NR2C1)NR2C1 0.4024989 0.4808136 0.3336280 0.20366697
                                       O
NR2C1                          0.2576120
(stably expressing NR2C1)NR2C1 0.4597206
[1] 2
[1] 26 26
                                    A        B        C        D        E
TAF7                         11.63570 14.64663 12.56304 5.479767 12.85200
(stably expressing TAF7)TAF7 15.25348 11.97027 13.50123 5.912464 12.04291
                                    F         G        H        I         J
TAF7                         10.84792 2.0045679 1.104726 3.923953 0.6251774
(stably expressing TAF7)TAF7 13.90273 0.5152014 2.058074 7.393677 1.2532456
                                      K         L         M          N
TAF7                         0.09631866 0.1500733 0.2294688 0.14305744
(stably expressing TAF7)TAF7 0.16278649 0.1755709 0.1415345 0.08820816
                                      O
TAF7                         0.11026273
(stably expressing TAF7)TAF7 0.07514335
[1] 2
[1] 27 27
                                       A         B         C        D        E
DDX20                          16.246725 14.981146 10.495863 4.845813 12.95521
(stably expressing DDX20)DDX20  4.272881  5.806964  4.780355 2.767340 12.61231
                                       F        G         H        I        J
DDX20                          10.131297 1.760421  5.568291 11.51203 1.610820
(stably expressing DDX20)DDX20  4.956276 3.171456 21.414841 30.74146 3.719855
                                       K         L         M          N
DDX20                          0.2398037 0.3740867 0.2219406 0.07239125
(stably expressing DDX20)DDX20 0.8591068 0.6019386 0.3405864 0.10618875
                                       O
DDX20                          0.1981517
(stably expressing DDX20)DDX20 0.6759174
[1] 2
[1] 28 28
                                   A        B        C        D        E
E2F4                        25.38523 14.31359 14.57850 5.050286 8.738216
(CRISPR targeting E2F4)E2F4 15.97052 13.73901 12.05056 5.661065 8.954689
                                   F         G        H        I         J
E2F4                        11.45490 0.8418492 1.160837 4.289054 0.9835626
(CRISPR targeting E2F4)E2F4 10.38293 1.1641128 1.154943 3.884000 0.6898930
                                    K         L         M          N         O
E2F4                        0.0613415 0.3390358 0.2114131 0.09620262 0.1112719
(CRISPR targeting E2F4)E2F4 0.1992102 0.4351842 0.5706799 0.30590001 0.3424220
[1] 2
[1] 29 29
                                   A       B         C        D         E
E4F1                        18.22171 12.0681 12.619260 6.795143 12.349689
(CRISPR targeting E4F1)E4F1 11.92603 10.5961  7.337389 4.864097  8.649254
                                    F        G        H         I        J
E4F1                        13.071971 1.488973 6.378558 13.591748 1.643681
(CRISPR targeting E4F1)E4F1  9.389969 3.056897 4.176696  7.197451 1.011401
                                    K         L         M          N         O
E4F1                        0.2801028 0.4103005 0.2396744 0.08464941 0.2207505
(CRISPR targeting E4F1)E4F1 0.3904237 0.2605557 0.3318765 0.12416202 0.3830568
[1] 2
[1] 30 30
                                 A        B         C        D        E
JUN                       16.75990 10.07557  9.653497 4.220990 10.60073
(CRISPR targeting JUN)JUN 13.59474 13.06493 12.565529 6.710615 10.23883
                                 F        G        H         I         J
JUN                       7.313788 2.090223 8.101693 14.138105 1.7036446
(CRISPR targeting JUN)JUN 9.148548 1.597298 3.305131  8.587761 0.9316934
                                  K         L         M         N         O
JUN                       0.4929651 0.8289543 0.6937625 0.3324598 0.7031940
(CRISPR targeting JUN)JUN 0.2867300 0.5099343 0.7876921 0.4475391 0.4806737
[1] 2
[1] 31 31
                                    A         B        C        D         E
JUND                         17.21884 10.580746 9.904028 4.787025  9.871989
(stably expressing JUND)JUND  9.62667  7.377557 8.221516 3.862702 11.383903
                                    F        G         H        I        J
JUND                         9.009928 1.979995  8.355499 12.92184 1.776448
(stably expressing JUND)JUND 7.046242 2.449709 14.609709 21.66686 2.187352
                                     K         L         M         N         O
JUND                         0.3809900 0.8335428 0.6645516 0.4435815 0.9388174
(stably expressing JUND)JUND 0.4307613 0.7928265 0.7365383 0.2251776 0.8600695
[1] 2
[1] 32 32
                                 A        B        C        D        E        F
MYC                       26.23692 14.31866 16.43484 7.805437 11.87449 14.74668
(CRISPR targeting MYC)MYC 12.64091 13.04647 11.92638 6.973017 12.76723 12.19534
                                 G        H         I         J         K
MYC                       1.548055 5.300987 11.386564 1.3394446 0.2431304
(CRISPR targeting MYC)MYC 1.464358 3.178109  7.496297 0.5594706 0.1032229
                                  L         M         N         O
MYC                       0.5949359 0.5290864 0.2167923 0.4706934
(CRISPR targeting MYC)MYC 0.2012041 0.2769947 0.1981929 0.1996172
[1] 2
[1] 33 33
                                     A        B         C        D         E
TEAD4                         12.49457 9.594770  9.502794 5.135543 10.708961
(CRISPR targeting TEAD4)TEAD4 13.34668 9.828817 10.964291 6.980382  8.392572
                                     F        G         H         I        J
TEAD4                         9.405797 2.819370 12.233427 15.466093 2.342231
(CRISPR targeting TEAD4)TEAD4 9.137124 1.645523  2.002565  5.172559 1.322347
                                      K        L         M        N         O
TEAD4                         0.4885910 0.654919 0.5749819 0.325116 0.8871927
(CRISPR targeting TEAD4)TEAD4 0.5579084 0.930882 1.8285470 1.318832 0.9386053
[1] 2
[1] 34 34
                                   A        B        C        D        E
TOE1                        15.60250 11.99892 12.55783 7.028583 11.47462
(CRISPR targeting TOE1)TOE1 16.04499 14.29085 13.94551 7.381933 11.98252
                                   F        G        H         I         J
TOE1                        12.35280 1.466263 4.862526 11.546701 1.2117730
(CRISPR targeting TOE1)TOE1 10.52461 1.710248 2.530954  4.898761 0.8608389
                                    K         L         M         N         O
TOE1                        0.2010249 0.3816032 0.2450575 0.1455939 0.2773946
(CRISPR targeting TOE1)TOE1 0.1950135 0.3282737 0.7214783 0.3622647 0.4526432
[1] 2
[1] 35 35
                                        A         B         C        D        E
ZBTB40                          15.613473 12.472139 13.317957 8.665598 10.25005
(CRISPR targeting ZBTB40)ZBTB40  9.119795  7.076347  6.906289 4.153239 10.52290
                                        F         G         H         I
ZBTB40                          13.868032 0.9585239  2.452554  7.705109
(CRISPR targeting ZBTB40)ZBTB40  7.240598 2.4364586 11.498084 16.477310
                                       J         K         L         M
ZBTB40                          1.199972 0.2427285 0.3482431 0.1626701
(CRISPR targeting ZBTB40)ZBTB40 1.948585 0.4981891 0.8005866 1.2682440
                                        N         O
ZBTB40                          0.1054793 0.1908657
(CRISPR targeting ZBTB40)ZBTB40 0.9018616 1.0888072
[1] 2
[1] 36 36
                                       A        B         C        D        E
ZNF24                          12.656396 8.676370 12.305733 7.167006 10.32372
(stably expressing ZNF24)ZNF24  8.872598 6.830465  7.599641 5.661360 10.82918
                                       F        G         H        I        J
ZNF24                          10.639207 1.601092  6.378341 12.44739 1.112878
(stably expressing ZNF24)ZNF24  6.813068 2.070200 11.845088 18.71806 1.888021
                                       K         L         M         N
ZNF24                          0.3225299 0.4306787 0.3882267 0.2365706
(stably expressing ZNF24)ZNF24 0.5909909 0.7867182 0.7354515 0.3796264
                                       O
ZNF24                          0.4535967
(stably expressing ZNF24)ZNF24 0.6542618
[1] 2
[1] 37 37
                                       A        B        C        D         E
ZNF282                          17.47579 14.29285 13.46962 6.705842 10.124135
(CRISPR targeting ZNF282)ZNF282 13.29050 14.02950 12.14269 7.099852  8.371111
                                        F        G         H         I
ZNF282                          10.864774 2.339919 5.6759126 11.175978
(CRISPR targeting ZNF282)ZNF282  9.864079 1.835076 0.5578886  3.993756
                                        J         K         L         M
ZNF282                          1.1011894 0.2154261 0.3770520 0.2565123
(CRISPR targeting ZNF282)ZNF282 0.6498221 0.2507245 0.4455441 0.9877098
                                        N         O
ZNF282                          0.1667981 0.4433587
(CRISPR targeting ZNF282)ZNF282 0.7834835 0.5603504
[1] 2
[1] 38 38
                                    A         B         C        D        E
IRF2                        16.482691 10.062280 11.696800 6.140203 9.103900
(CRISPR targeting IRF2)IRF2  9.393006  9.128273  4.542888 5.878953 4.456659
                                    F        G        H        I        J
IRF2                        11.986589 1.153325 2.461548 7.345678 1.298039
(CRISPR targeting IRF2)IRF2  7.043301 2.545039 1.002251 3.852791 2.026551
                                    K         L         M         N         O
IRF2                        0.2371381 0.4440593 0.2958357 0.1004767 0.2132316
(CRISPR targeting IRF2)IRF2 2.0138812 1.2529364 3.4713399 3.3303255 1.8724247
[1] 2
[1] 39 39
                                     A        B        C        D        E
ZFP91                         12.19710  8.81807 11.35412 6.939786 8.065489
(CRISPR targeting ZFP91)ZFP91 10.88189 10.44820 11.60793 6.756904 8.796454
                                     F        G        H        I        J
ZFP91                         10.45729 1.170387 2.885143 6.997339 1.005705
(CRISPR targeting ZFP91)ZFP91 11.52437 1.552725 3.019287 6.078624 1.101991
                                      K         L         M         N         O
ZFP91                         0.2111052 0.4239768 0.2964648 0.2127034 0.3371541
(CRISPR targeting ZFP91)ZFP91 0.2542253 0.6031441 0.5861713 0.4661506 0.5246628
[1] 2
[1] 40 40
                                     A         B         C        D        E
DEAF1                         19.67129 15.548386 11.672923 5.381832 9.428866
(CRISPR targeting DEAF1)DEAF1 13.01777  8.230935  6.516772 3.704571 6.474303
                                      F        G         H        I        J
DEAF1                         12.009478 1.070960 0.5057313 3.894803 2.235327
(CRISPR targeting DEAF1)DEAF1  5.341723 3.579935 4.6881367 9.054818 1.898510
                                      K         L         M         N         O
DEAF1                         0.3612562 0.3836973 0.1756901 0.1095453 0.1971593
(CRISPR targeting DEAF1)DEAF1 0.6133878 1.4964516 1.3792801 0.8942063 1.7462757
[1] 2
[1] 41 41
                                   A        B         C        D        E
ELK1                        18.46482 12.65877 11.959676 4.836623 9.471710
(CRISPR targeting ELK1)ELK1  8.85730 14.58000  8.519363 5.311675 6.576319
                                    F        G        H        I        J
ELK1                        10.543300 1.215855 1.146514 5.019020 1.170611
(CRISPR targeting ELK1)ELK1  6.079509 2.286563 1.102537 3.842255 1.213877
                                     K         L         M          N         O
ELK1                        0.07743976 0.2753663 0.3693822 0.08048991 0.1330131
(CRISPR targeting ELK1)ELK1 0.70338362 1.4250742 3.2159982 2.61529665 1.0066650
[1] 2
[1] 42 42
                                    A         B        C        D        E
MYNN                        12.753921 11.338835 9.726014 5.228305 8.945351
(CRISPR targeting MYNN)MYNN  8.849699  6.847047 7.385520 3.154777 5.926198
                                   F        G         H         I        J
MYNN                        7.888011 5.181882 10.762235 15.572746 1.343258
(CRISPR targeting MYNN)MYNN 4.914488 3.312266  4.824858  8.812268 2.777781
                                    K         L        M         N         O
MYNN                        0.3421806 0.6928043 0.601960 0.3006904 0.5735707
(CRISPR targeting MYNN)MYNN 2.8180307 2.3819150 6.405123 3.8887092 2.3031518
[1] 2
[1] 43 43
                                     A         B         C        D         E
NR3C1                         10.10153  8.914586  9.524195 7.086900 12.854426
(CRISPR targeting NR3C1)NR3C1 16.20955 11.332965 12.524306 8.349615  8.428534
                                     F        G         H         I         J
NR3C1                         12.07581 1.119299 3.5145880 10.329719 1.1151286
(CRISPR targeting NR3C1)NR3C1 11.96976 1.045550 0.4725898  3.416196 0.6086496
                                      K         L         M          N
NR3C1                         0.1907788 0.2452051 0.2555159 0.07078109
(CRISPR targeting NR3C1)NR3C1 0.1931162 0.3355198 0.9243646 0.52355971
                                      O
NR3C1                         0.2457336
(CRISPR targeting NR3C1)NR3C1 0.5938710
[1] 2
[1] 44 44
                                    A         B        C        D        E
ATF4                         5.323882  6.441868 6.086576 4.492269 10.65521
(CRISPR targeting ATF4)ATF4 13.420954 11.404131 9.732103 4.717675 13.30200
                                   F        G        H        I        J
ATF4                        6.756835 1.659863 5.465462 11.76120 1.188967
(CRISPR targeting ATF4)ATF4 8.291077 2.379318 9.564639 15.35301 1.630585
                                    K         L         M         N         O
ATF4                        0.4599376 0.6009287 0.4900417 0.2237460 0.5778517
(CRISPR targeting ATF4)ATF4 0.3391732 0.5460387 0.4038763 0.1609376 0.6068803
[1] 2
[1] 45 45
                                       A        B        C        D        E
ZNF184                          9.089005 8.717716 7.810081 5.630718 9.698676
(CRISPR targeting ZNF184)ZNF184 9.291510 4.191278 2.853018 4.183604 2.176580
                                       F        G        H         I        J
ZNF184                          8.453141 2.023731 7.288198 12.659568 1.652818
(CRISPR targeting ZNF184)ZNF184 1.593262 3.208610 1.266131  2.421942 1.917039
                                        K         L          M         N
ZNF184                          0.5152732 0.4736501  0.4474039 0.2299139
(CRISPR targeting ZNF184)ZNF184 4.9451624 3.0014287 11.8045973 8.4560841
                                        O
ZNF184                          0.5903721
(CRISPR targeting ZNF184)ZNF184 4.0321128
[1] 2
[1] 46 46
                                      A        B        C        D        E
CEBPB                          6.981555 5.506477 5.060622 3.530498 7.017658
(stably expressing CEBPB)CEBPB 4.924620 4.835053 4.592624 3.659694 5.858123
                                      F        G        H        I        J
CEBPB                          5.336343 1.931070 5.485848 8.647240 1.242815
(stably expressing CEBPB)CEBPB 4.914946 1.734182 5.036970 7.457121 1.209126
                                       K         L         M         N
CEBPB                          0.5050612 0.7960853 0.6022609 0.4211388
(stably expressing CEBPB)CEBPB 0.4752427 0.8344628 0.6314782 0.4837133
                                       O
CEBPB                          0.7303682
(stably expressing CEBPB)CEBPB 0.7941456
[1] 2
[1] 47 47
                                    A        B        C        D         E
NFE2                         8.726751 6.343977 6.296796 3.385199 10.547003
(stably expressing NFE2)NFE2 4.311342 2.936715 3.111581 1.767673  7.764635
                                    F        G        H        I        J
NFE2                         5.934143 2.242555 11.04778 15.96158 2.148323
(stably expressing NFE2)NFE2 3.185068 2.122970 11.09183 14.23743 2.198872
                                     K         L         M         N         O
NFE2                         0.4161881 0.8154052 0.8439832 0.4029565 0.9928967
(stably expressing NFE2)NFE2 0.7020336 1.1012290 0.8368258 0.5731131 1.2124745
[1] 2
[1] 48 48
                                   A        B        C        D         E
ETV6                        12.07171 10.42461 10.36269 5.643114 11.086040
(CRISPR targeting ETV6)ETV6 14.10087 11.61697 12.14757 6.260245  9.421489
                                    F        G         H         I         J
ETV6                         9.484757 2.283220 10.296187 15.425673 2.6478361
(CRISPR targeting ETV6)ETV6 11.449905 1.343887  1.255498  3.695199 0.4799451
                                    K         L         M          N         O
ETV6                        0.2826643 0.5509741 0.3365016 0.08736388 0.2831128
(CRISPR targeting ETV6)ETV6 0.1852088 0.2308311 0.3186143 0.21391918 0.1943446
[1] 2
[1] 49 49
                                       A         B        C        D         E
ZNF830                          10.96162  7.396061 10.34175 7.820698  9.339151
(CRISPR targeting ZNF830)ZNF830 12.12958 14.489796 12.02400 5.687886 10.835802
                                        F         G        H        I         J
ZNF830                          11.802010 0.7364733 1.411689 5.941209 1.1900249
(CRISPR targeting ZNF830)ZNF830  9.560375 1.8531884 2.418726 7.102809 0.8301138
                                        K         L         M         N
ZNF830                          0.2695877 0.3528259 0.2245632 0.1800676
(CRISPR targeting ZNF830)ZNF830 0.1513361 0.3145986 0.5617853 0.2498220
                                        O
ZNF830                          0.2314078
(CRISPR targeting ZNF830)ZNF830 0.2021638
[1] 2
[1] 50 50
                                    A         B         C        D        E
ATF2                         7.041019  6.337653  5.448754 2.728957 7.950210
(CRISPR targeting ATF2)ATF2 13.658973 12.754848 10.410493 5.926050 8.734389
                                   F        G        H        I        J
ATF2                        5.195502 1.460716 4.955043 9.012891 1.295536
(CRISPR targeting ATF2)ATF2 7.319947 1.694301 1.572092 5.418798 1.557490
                                    K         L         M         N         O
ATF2                        0.4232589 0.6511989 0.6578284 0.3970995 0.6393774
(CRISPR targeting ATF2)ATF2 0.6335689 0.9983163 1.6721683 1.3895377 0.8881203
[1] 2
[1] 51 51
                                      A         B         C        D        E
NR2F6                          7.523256  6.819367  7.011799 5.009976 9.444334
(CRISPR targeting NR2F6)NR2F6 12.215791 11.507698 10.083911 4.950714 8.912977
                                     F        G         H         I        J
NR2F6                         5.532882 2.365624 11.736829 15.219001 1.680282
(CRISPR targeting NR2F6)NR2F6 7.567323 2.408656  4.321964  7.051767 1.041282
                                      K         L         M         N         O
NR2F6                         0.4840492 0.7294562 0.5262401 0.3745844 0.8156941
(CRISPR targeting NR2F6)NR2F6 0.2954433 0.7709369 1.0841117 0.6749228 0.6533456
[1] 2
[1] 52 52
                                      A         B         C        D         E
MYBL2                         12.856039 10.174083 10.402459 4.875842 11.077124
(CRISPR targeting MYBL2)MYBL2  4.195148  9.502694  6.464306 5.049138  6.577603
                                      F        G        H        I        J
MYBL2                         12.629681 1.110893 3.034292 8.996955 1.499750
(CRISPR targeting MYBL2)MYBL2  3.366337 3.484396 0.381702 3.654219 3.471418
                                      K         L          M          N
MYBL2                         0.6529596 0.1874002 0.08946373 0.05579732
(CRISPR targeting MYBL2)MYBL2 1.3402880 2.5064179 5.32621893 5.48303406
                                      O
MYBL2                         0.1506116
(CRISPR targeting MYBL2)MYBL2 2.8786160
[1] 2
[1] 53 53
                                    A         B        C        D        E
JUNB                         13.84683 10.488129 9.209718 4.827253 14.55289
(stably expressing JUNB)JUNB 10.03859  8.048887 6.478139 3.427457 12.89094
(CRISPR targeting JUNB)JUNB  13.59237 11.090637 7.715212 3.544374 11.18162
                                    F        G         H        I        J
JUNB                         6.730318 2.281017 11.289572 19.81704 2.272625
(stably expressing JUNB)JUNB 5.776039 2.830433 14.644952 20.13542 2.100366
(CRISPR targeting JUNB)JUNB  6.915881 2.465949  9.236137 15.86676 1.099064
                                     K         L         M         N         O
JUNB                         0.4996865 0.8958935 0.7935141 0.3089964 0.5720770
(stably expressing JUNB)JUNB 0.5596410 1.1645224 0.7501481 0.3891231 1.0085916
(CRISPR targeting JUNB)JUNB  0.7716302 0.8293535 1.0108233 0.7159444 0.8613296
[1] 3
[1] 54 54 54
                                      A        B        C        D        E
GATA2                          8.829715 6.784204 5.999436 4.134614 9.028097
(stably expressing GATA2)GATA2 8.248589 5.005455 7.233135 3.855237 9.149036
(CRISPR targeting GATA2)GATA2  7.726979 6.290954 6.581525 4.845436 8.182121
                                      F        G        H        I        J
GATA2                          5.231112 3.360790 24.97640 22.83747 3.086355
(stably expressing GATA2)GATA2 4.289082 2.852539 26.37891 23.81825 3.469157
(CRISPR targeting GATA2)GATA2  6.416004 2.542259 18.65565 16.55632 2.578798
                                       K         L         M         N        O
GATA2                          1.0227493 1.1217747 1.0771428 0.4513075 1.591897
(stably expressing GATA2)GATA2 0.9711033 1.1073691 0.8169542 0.3331788 1.078229
(CRISPR targeting GATA2)GATA2  0.6836123 0.9283702 0.8829919 0.4812600 1.129334
[1] 3
[1] 55 55 55
                                                              A         B
BACH1                                                 10.943961 10.440715
(stably expressing N-terminal eGFP-tagged BACH1)BACH1  8.062768  7.689632
                                                             C        D
BACH1                                                 8.328494 3.189317
(stably expressing N-terminal eGFP-tagged BACH1)BACH1 7.284150 4.239031
                                                             E        F
BACH1                                                 11.22691 6.512437
(stably expressing N-terminal eGFP-tagged BACH1)BACH1 15.40355 6.948709
                                                             G         H
BACH1                                                 2.679699  9.066692
(stably expressing N-terminal eGFP-tagged BACH1)BACH1 2.275658 14.299164
                                                             I        J
BACH1                                                 18.14459 1.204271
(stably expressing N-terminal eGFP-tagged BACH1)BACH1 23.65441 1.739227
                                                              K         L
BACH1                                                 0.3870024 0.7965576
(stably expressing N-terminal eGFP-tagged BACH1)BACH1 0.3579629 0.4423546
                                                              M          N
BACH1                                                 0.8762722 0.25849337
(stably expressing N-terminal eGFP-tagged BACH1)BACH1 0.3499409 0.09471177
                                                              O
BACH1                                                 0.6982820
(stably expressing N-terminal eGFP-tagged BACH1)BACH1 0.5716995
[1] 2
[1] 56 56
                                    A        B        C        D        E
CUX1                        10.305493 6.208937 7.451414 4.783192 11.97244
(CRISPR targeting CUX1)CUX1  8.535412 5.987386 7.394974 4.965511 15.41244
                                   F        G        H        I        J
CUX1                        8.244560 2.464468 12.66013 17.17037 2.329359
(CRISPR targeting CUX1)CUX1 7.814987 1.913187 13.75773 23.38056 1.473525
                                    K        L         M         N         O
CUX1                        0.4474295 0.717438 0.7233238 0.1659374 0.5489199
(CRISPR targeting CUX1)CUX1 0.3285499 0.597927 0.3476242 0.1218171 0.4704756
[1] 2
[1] 57 57
                                      A         B        C        D         E
NFXL1                          5.777857  5.952709 6.134687 5.761735  6.551527
(CRISPR targeting NFXL1)NFXL1 12.490527 11.411803 5.315782 3.353028 15.800473
                                     F        G        H        I        J
NFXL1                         5.892291 2.154545  5.97279  7.30468 1.135538
(CRISPR targeting NFXL1)NFXL1 6.393900 5.582238 10.69356 16.22532 1.839891
                                      K         L         M         N         O
NFXL1                         0.5391380 0.6299774 0.6017068 0.4752154 0.9267830
(CRISPR targeting NFXL1)NFXL1 0.3038099 0.6155486 0.3013237 0.1503201 0.5654109
[1] 2
[1] 58 58
                                      A        B        C        D        E
PYGO2                          8.894719 9.520333 7.725646 6.452945 10.80766
(stably expressing PYGO2)PYGO2 8.510952 6.934969 8.611427 3.128580 13.61912
                                      F        G         H        I        J
PYGO2                          9.545003 2.104705  7.557655 13.15983 1.956553
(stably expressing PYGO2)PYGO2 6.380655 2.266827 16.445404 20.17642 2.203029
                                       K         L         M         N
PYGO2                          0.2691852 0.6041342 0.2562980 0.1198727
(stably expressing PYGO2)PYGO2 0.7636258 0.7532536 0.4540727 0.2201720
                                       O
PYGO2                          0.3698237
(stably expressing PYGO2)PYGO2 0.6189146
[1] 2
[1] 59 59
                                    A        B        C        D        E
ATF3                         9.085525 7.749166 6.969933 3.675483 9.150173
(stably expressing ATF3)ATF3 5.960801 4.887212 4.303513 2.696152 8.850513
                                    F        G        H        I        J
ATF3                         6.023449 2.138556 7.375015 13.58475 1.401484
(stably expressing ATF3)ATF3 4.856540 1.623147 7.117694 12.50536 1.638781
                                     K         L         M         N         O
ATF3                         0.4773146 0.7945073 0.8654314 0.4455370 0.8375194
(stably expressing ATF3)ATF3 0.4806926 0.7119206 0.5409554 0.2407633 0.6858973
[1] 2
[1] 1 1
                                    A        B        C        D         E
ELF1                         20.79096 13.62686 13.73407 7.004379  9.649325
(stably expressing ELF1)ELF1 16.57248 12.09807 13.67545 7.170777 10.476648
                                    F        G        H        I        J
ELF1                         13.70517 1.106109 2.969954 7.637565 1.485238
(stably expressing ELF1)ELF1 14.30375 1.004369 3.130847 8.423676 1.483122
                                     K         L         M         N         O
ELF1                         0.2418722 0.4281889 0.3177812 0.1531443 0.3075467
(stably expressing ELF1)ELF1 0.2761933 0.3293304 0.2226888 0.1263409 0.2283026
[1] 2
[1] 2 2
                                      A        B        C        D         E
NR2C2                          11.44196 11.40922 13.07912 4.929501  7.881359
(stably expressing NR2C2)NR2C2 19.20228 13.70130 16.66219 8.421411 12.701492
                                      F        G         H         I        J
NR2C2                          11.34578 1.523469 0.3642326  2.792077 1.932549
(stably expressing NR2C2)NR2C2 16.30221 1.217283 5.4154851 11.622387 1.273986
                                       K         L         M         N
NR2C2                          0.6393751 0.4978593 0.6341631 0.4745959
(stably expressing NR2C2)NR2C2 0.2123636 0.3385916 0.2264347 0.1421366
                                       O
NR2C2                          0.1828866
(stably expressing NR2C2)NR2C2 0.3159250
[1] 2
[1] 3 3
                                    A        B         C        D         E
ATF1                         15.64361 10.70759  8.849806 3.965510  9.833509
(stably expressing ATF1)ATF1 29.32995 16.01859 16.249048 7.807522 11.638125
                                     F        G        H        I        J
ATF1                          9.006475 1.660828 7.661687 12.37548 2.167566
(stably expressing ATF1)ATF1 16.849757 1.539310 5.696015 13.19892 1.639471
                                     K         L         M         N         O
ATF1                         0.3631236 0.7171393 0.5584707 0.2693134 0.6003971
(stably expressing ATF1)ATF1 0.3471484 0.6351781 0.5301625 0.3126785 0.6025262
[1] 2
[1] 4 4
                                       A        B        C        D        E
FOSL1                           9.409273 6.573877 6.427847 4.079929 10.24493
(stably expressing FOSL1)FOSL1 11.478269 8.911979 9.993013 5.442460 10.95406
                                      F        G         H        I        J
FOSL1                          5.324307 3.012189 14.898268 19.78872 1.879371
(stably expressing FOSL1)FOSL1 8.442294 1.833464  8.898541 14.42692 1.376719
                                       K         L         M         N
FOSL1                          0.4455041 1.1338017 1.2674638 0.6938188
(stably expressing FOSL1)FOSL1 0.3858036 0.7586459 0.6242382 0.4206689
                                       O
FOSL1                          1.3904679
(stably expressing FOSL1)FOSL1 0.8617682
[1] 2
[1] 5 5
                                      A        B        C        D         E
GABPA                          20.62705 13.61666 12.93279 5.802777  8.410985
(stably expressing GABPA)GABPA 20.23783 13.87608 16.27839 8.052226 10.786712
                                      F        G        H        I        J
GABPA                          10.90054 1.113115 3.483334 6.864524 1.655150
(stably expressing GABPA)GABPA 16.12507 1.050883 3.492472 9.161016 1.444678
                                       K         L         M         N
GABPA                          0.2796955 0.4855566 0.3545947 0.1896806
(stably expressing GABPA)GABPA 0.2311984 0.4002706 0.2810614 0.1613078
                                       O
GABPA                          0.3118160
(stably expressing GABPA)GABPA 0.3207975
[1] 2
[1] 6 6
                                      A        B        C        D         E
NR2C1                          10.91848 9.364006 10.84415 5.410083  9.492306
(stably expressing NR2C1)NR2C1 13.01853 9.821167 10.53213 5.286721 11.006814
                                      F        G        H         I        J
NR2C1                          9.666433 1.618610 5.067662  8.600062 1.838075
(stably expressing NR2C1)NR2C1 9.292967 1.561033 8.602409 13.992730 2.242362
                                       K         L         M          N
NR2C1                          0.3742882 0.2805351 0.2112051 0.09067443
(stably expressing NR2C1)NR2C1 0.4024989 0.4808136 0.3336280 0.20366697
                                       O
NR2C1                          0.2576120
(stably expressing NR2C1)NR2C1 0.4597206
[1] 2
[1] 7 7
                                    A        B        C        D        E
TAF7                         11.63570 14.64663 12.56304 5.479767 12.85200
(stably expressing TAF7)TAF7 15.25348 11.97027 13.50123 5.912464 12.04291
                                    F         G        H        I         J
TAF7                         10.84792 2.0045679 1.104726 3.923953 0.6251774
(stably expressing TAF7)TAF7 13.90273 0.5152014 2.058074 7.393677 1.2532456
                                      K         L         M          N
TAF7                         0.09631866 0.1500733 0.2294688 0.14305744
(stably expressing TAF7)TAF7 0.16278649 0.1755709 0.1415345 0.08820816
                                      O
TAF7                         0.11026273
(stably expressing TAF7)TAF7 0.07514335
[1] 2
[1] 8 8
                                       A         B         C        D        E
DDX20                          16.246725 14.981146 10.495863 4.845813 12.95521
(stably expressing DDX20)DDX20  4.272881  5.806964  4.780355 2.767340 12.61231
                                       F        G         H        I        J
DDX20                          10.131297 1.760421  5.568291 11.51203 1.610820
(stably expressing DDX20)DDX20  4.956276 3.171456 21.414841 30.74146 3.719855
                                       K         L         M          N
DDX20                          0.2398037 0.3740867 0.2219406 0.07239125
(stably expressing DDX20)DDX20 0.8591068 0.6019386 0.3405864 0.10618875
                                       O
DDX20                          0.1981517
(stably expressing DDX20)DDX20 0.6759174
[1] 2
[1] 9 9
                                    A         B        C        D         E
JUND                         17.21884 10.580746 9.904028 4.787025  9.871989
(stably expressing JUND)JUND  9.62667  7.377557 8.221516 3.862702 11.383903
                                    F        G         H        I        J
JUND                         9.009928 1.979995  8.355499 12.92184 1.776448
(stably expressing JUND)JUND 7.046242 2.449709 14.609709 21.66686 2.187352
                                     K         L         M         N         O
JUND                         0.3809900 0.8335428 0.6645516 0.4435815 0.9388174
(stably expressing JUND)JUND 0.4307613 0.7928265 0.7365383 0.2251776 0.8600695
[1] 2
[1] 10 10
                                       A        B         C        D        E
ZNF24                          12.656396 8.676370 12.305733 7.167006 10.32372
(stably expressing ZNF24)ZNF24  8.872598 6.830465  7.599641 5.661360 10.82918
                                       F        G         H        I        J
ZNF24                          10.639207 1.601092  6.378341 12.44739 1.112878
(stably expressing ZNF24)ZNF24  6.813068 2.070200 11.845088 18.71806 1.888021
                                       K         L         M         N
ZNF24                          0.3225299 0.4306787 0.3882267 0.2365706
(stably expressing ZNF24)ZNF24 0.5909909 0.7867182 0.7354515 0.3796264
                                       O
ZNF24                          0.4535967
(stably expressing ZNF24)ZNF24 0.6542618
[1] 2
[1] 11 11
                                      A        B        C        D        E
CEBPB                          6.981555 5.506477 5.060622 3.530498 7.017658
(stably expressing CEBPB)CEBPB 4.924620 4.835053 4.592624 3.659694 5.858123
                                      F        G        H        I        J
CEBPB                          5.336343 1.931070 5.485848 8.647240 1.242815
(stably expressing CEBPB)CEBPB 4.914946 1.734182 5.036970 7.457121 1.209126
                                       K         L         M         N
CEBPB                          0.5050612 0.7960853 0.6022609 0.4211388
(stably expressing CEBPB)CEBPB 0.4752427 0.8344628 0.6314782 0.4837133
                                       O
CEBPB                          0.7303682
(stably expressing CEBPB)CEBPB 0.7941456
[1] 2
[1] 12 12
                                    A        B        C        D         E
NFE2                         8.726751 6.343977 6.296796 3.385199 10.547003
(stably expressing NFE2)NFE2 4.311342 2.936715 3.111581 1.767673  7.764635
                                    F        G        H        I        J
NFE2                         5.934143 2.242555 11.04778 15.96158 2.148323
(stably expressing NFE2)NFE2 3.185068 2.122970 11.09183 14.23743 2.198872
                                     K         L         M         N         O
NFE2                         0.4161881 0.8154052 0.8439832 0.4029565 0.9928967
(stably expressing NFE2)NFE2 0.7020336 1.1012290 0.8368258 0.5731131 1.2124745
[1] 2
[1] 13 13
                                    A         B        C        D        E
JUNB                         13.84683 10.488129 9.209718 4.827253 14.55289
(stably expressing JUNB)JUNB 10.03859  8.048887 6.478139 3.427457 12.89094
                                    F        G        H        I        J
JUNB                         6.730318 2.281017 11.28957 19.81704 2.272625
(stably expressing JUNB)JUNB 5.776039 2.830433 14.64495 20.13542 2.100366
                                     K         L         M         N        O
JUNB                         0.4996865 0.8958935 0.7935141 0.3089964 0.572077
(stably expressing JUNB)JUNB 0.5596410 1.1645224 0.7501481 0.3891231 1.008592
[1] 2
[1] 14 14
                                      A        B        C        D        E
GATA2                          8.829715 6.784204 5.999436 4.134614 9.028097
(stably expressing GATA2)GATA2 8.248589 5.005455 7.233135 3.855237 9.149036
                                      F        G        H        I        J
GATA2                          5.231112 3.360790 24.97640 22.83747 3.086355
(stably expressing GATA2)GATA2 4.289082 2.852539 26.37891 23.81825 3.469157
                                       K        L         M         N        O
GATA2                          1.0227493 1.121775 1.0771428 0.4513075 1.591897
(stably expressing GATA2)GATA2 0.9711033 1.107369 0.8169542 0.3331788 1.078229
[1] 2
[1] 15 15
                                                              A         B
BACH1                                                 10.943961 10.440715
(stably expressing N-terminal eGFP-tagged BACH1)BACH1  8.062768  7.689632
                                                             C        D
BACH1                                                 8.328494 3.189317
(stably expressing N-terminal eGFP-tagged BACH1)BACH1 7.284150 4.239031
                                                             E        F
BACH1                                                 11.22691 6.512437
(stably expressing N-terminal eGFP-tagged BACH1)BACH1 15.40355 6.948709
                                                             G         H
BACH1                                                 2.679699  9.066692
(stably expressing N-terminal eGFP-tagged BACH1)BACH1 2.275658 14.299164
                                                             I        J
BACH1                                                 18.14459 1.204271
(stably expressing N-terminal eGFP-tagged BACH1)BACH1 23.65441 1.739227
                                                              K         L
BACH1                                                 0.3870024 0.7965576
(stably expressing N-terminal eGFP-tagged BACH1)BACH1 0.3579629 0.4423546
                                                              M          N
BACH1                                                 0.8762722 0.25849337
(stably expressing N-terminal eGFP-tagged BACH1)BACH1 0.3499409 0.09471177
                                                              O
BACH1                                                 0.6982820
(stably expressing N-terminal eGFP-tagged BACH1)BACH1 0.5716995
[1] 2
[1] 16 16
                                      A        B        C        D        E
PYGO2                          8.894719 9.520333 7.725646 6.452945 10.80766
(stably expressing PYGO2)PYGO2 8.510952 6.934969 8.611427 3.128580 13.61912
                                      F        G         H        I        J
PYGO2                          9.545003 2.104705  7.557655 13.15983 1.956553
(stably expressing PYGO2)PYGO2 6.380655 2.266827 16.445404 20.17642 2.203029
                                       K         L         M         N
PYGO2                          0.2691852 0.6041342 0.2562980 0.1198727
(stably expressing PYGO2)PYGO2 0.7636258 0.7532536 0.4540727 0.2201720
                                       O
PYGO2                          0.3698237
(stably expressing PYGO2)PYGO2 0.6189146
[1] 2
[1] 17 17
null device 
          1 
null device 
          1 
null device 
          1 
pdf 
  2 
pdf 
  2 
